==============================================================================

                  ------ MOMENTUM STATISTICS (MW mode) ------

              Momentum MomEngine_64 2020.00.283 (*) built: Jul 17 2019
                           Sun Jul 12 13:50:29 2026

==============================================================================


------------------------------------------------------------------------------
MESH
------------------------------------------------------------------------------
 Frequency          : 3 GHz

 Rectangular cells  : 1375
 Quadrangular cells : 4913
 Triangular cells   : 4975
 Via cells          : 0

 Edge currents      : 14506

------------------------------------------------------------------------------
SOLVER                        USER TIME      ELAPSED TIME      MEMORY         
PROCESSES                      (h:m:s)          (h:m:s)         (MB)          
------------------------------------------------------------------------------

SIMULATION SET-UP
-----------------
 Initialization           |     0: 0: 0   |     0: 0: 0   |     66.43   
 Ports analysis           |     0: 0: 0   |     0: 0: 0   |      0.04   
 Mesh processing          |     0: 0: 1   |     0: 0: 1   |     78.60   

 Matrix size : 14506
 Reduced matrix size : 2706
 Estimated process size is below 256.00 MB

 Simulation temperature : 298.15 K

1. SIMULATION FREQUENCY = 2 GHz 
-------------------------
 Green functions          |     0: 0: 0   |     0: 0: 0   |      0.52   
 Basis creation           |     0: 0:11   |     0: 0: 4   |    277.82   
 Matrix load              |     0:11:34   |     0: 1:38   |    126.83   
 Matrix solve             |     0: 0: 9   |     0: 0: 2   |     15.43   
 S parameters             |     0: 0: 0   |     0: 0: 0   |      0.00   

2. SIMULATION FREQUENCY = 3 GHz 
-------------------------
 Green functions          |     0: 0: 1   |     0: 0: 0   |      2.84   
 Matrix load              |     0:11:32   |     0: 1:39   |      0.71   
 Matrix solve             |     0: 0:10   |     0: 0: 2   |      1.71   
 S parameters             |     0: 0: 0   |     0: 0: 0   |      0.00   
 Adaptive sampling        |     0: 0: 0   |     0: 0: 0   |      0.00   

3. SIMULATION FREQUENCY = 2.66667 GHz 
-------------------------
 Green functions          |     0: 0: 1   |     0: 0: 0   |      0.00   
 Matrix load              |     0:11:33   |     0: 1:38   |      0.00   
 Matrix solve             |     0: 0:10   |     0: 0: 3   |      1.06   
 S parameters             |     0: 0: 0   |     0: 0: 0   |      0.00   
 Adaptive sampling        |     0: 0: 0   |     0: 0: 0   |      0.00   

4. SIMULATION FREQUENCY = 2.33333 GHz 
-------------------------
 Green functions          |     0: 0: 1   |     0: 0: 0   |      0.00   
 Matrix load              |     0:11:35   |     0: 1:38   |      0.00   
 Matrix solve             |     0: 0: 9   |     0: 0: 3   |      0.06   
 S parameters             |     0: 0: 0   |     0: 0: 0   |      0.00   
 Adaptive sampling        |     0: 0: 0   |     0: 0: 0   |      0.00   

5. SIMULATION FREQUENCY = 2.83333 GHz 
-------------------------
 Green functions          |     0: 0: 1   |     0: 0: 0   |      0.00   
 Matrix load              |     0:11:30   |     0: 1:38   |      0.00   
 Matrix solve             |     0: 0: 9   |     0: 0: 2   |      0.59   
 S parameters             |     0: 0: 1   |     0: 0: 0   |      0.00   
 Adaptive sampling        |     0: 0: 0   |     0: 0: 0   |      0.00   

6. SIMULATION FREQUENCY = 2.5 GHz 
-------------------------
 Green functions          |     0: 0: 0   |     0: 0: 0   |      0.00   
 Matrix load              |     0:12: 8   |     0: 1:55   |      0.00   
 Matrix solve             |     0: 0:10   |     0: 0: 2   |      0.54   
 S parameters             |     0: 0: 0   |     0: 0: 0   |      0.00   
 Adaptive sampling        |     0: 0: 0   |     0: 0: 0   |      0.00   

7. SIMULATION FREQUENCY = 2.91667 GHz 
-------------------------
 Green functions          |     0: 0: 0   |     0: 0: 1   |      0.00   
 Matrix load              |     0:11:34   |     0: 1:38   |      0.00   
 Matrix solve             |     0: 0: 9   |     0: 0: 2   |      0.01   
 S parameters             |     0: 0: 0   |     0: 0: 0   |      0.00   
 Adaptive sampling        |     0: 0: 0   |     0: 0: 0   |      0.00   

8. SIMULATION FREQUENCY = 2.58333 GHz 
-------------------------
 Green functions          |     0: 0: 0   |     0: 0: 0   |      0.00   
 Matrix load              |     0:11:33   |     0: 1:39   |      0.00   
 Matrix solve             |     0: 0: 9   |     0: 0: 2   |      0.02   
 S parameters             |     0: 0: 0   |     0: 0: 0   |      0.00   
 Adaptive sampling        |     0: 0: 0   |     0: 0: 0   |      0.00   

9. SIMULATION FREQUENCY = 2.80556 GHz 
-------------------------
 Green functions          |     0: 0: 1   |     0: 0: 1   |      0.00   
 Matrix load              |     0:11:34   |     0: 1:39   |      0.00   
 Matrix solve             |     0: 0: 9   |     0: 0: 2   |      0.01   
 S parameters             |     0: 0: 0   |     0: 0: 0   |      0.00   
 Adaptive sampling        |     0: 0: 0   |     0: 0: 0   |      0.00   

10. SIMULATION FREQUENCY = 2.16667 GHz 
-------------------------
 Green functions          |     0: 0: 1   |     0: 0: 0   |      0.00   
 Matrix load              |     0:11:34   |     0: 1:39   |      0.00   
 Matrix solve             |     0: 0: 9   |     0: 0: 2   |      0.01   
 S parameters             |     0: 0: 1   |     0: 0: 0   |      0.00   
 Adaptive sampling        |     0: 0: 0   |     0: 0: 0   |      0.00   

11. SIMULATION FREQUENCY = 2.22222 GHz 
-------------------------
 Green functions          |     0: 0: 0   |     0: 0: 0   |      0.00   
 Matrix load              |     0:11:33   |     0: 1:39   |      0.00   
 Matrix solve             |     0: 0:10   |     0: 0: 2   |      0.18   
 S parameters             |     0: 0: 0   |     0: 0: 0   |      0.00   
 Adaptive sampling        |     0: 0: 0   |     0: 0: 0   |      0.00   

12. SIMULATION FREQUENCY = 2.13889 GHz 
-------------------------
 Green functions          |     0: 0: 0   |     0: 0: 0   |      0.00   
 Matrix load              |     0:11:33   |     0: 1:39   |      0.00   
 Matrix solve             |     0: 0: 9   |     0: 0: 2   |      0.00   
 S parameters             |     0: 0: 0   |     0: 0: 0   |      0.00   
 Adaptive sampling        |     0: 0: 0   |     0: 0: 0   |      0.00   

13. SIMULATION FREQUENCY = 2.21296 GHz 
-------------------------
 Green functions          |     0: 0: 1   |     0: 0: 0   |      0.00   
 Matrix load              |     0:11:32   |     0: 1:39   |      0.00   
 Matrix solve             |     0: 0: 9   |     0: 0: 2   |      0.00   
 S parameters             |     0: 0: 0   |     0: 0: 0   |      0.00   
 Adaptive sampling        |     0: 0: 0   |     0: 0: 0   |      0.00   

14. SIMULATION FREQUENCY = 2.09259 GHz 
-------------------------
 Green functions          |     0: 0: 1   |     0: 0: 0   |      0.00   
 Matrix load              |     0:11:31   |     0: 1:38   |      0.00   
 Matrix solve             |     0: 0:10   |     0: 0: 3   |      0.00   
 S parameters             |     0: 0: 0   |     0: 0: 0   |      0.00   
 Adaptive sampling        |     0: 0: 0   |     0: 0: 0   |      0.00   

15. SIMULATION FREQUENCY = 2.10802 GHz 
-------------------------
 Green functions          |     0: 0: 0   |     0: 0: 0   |      0.00   
 Matrix load              |     0:11:32   |     0: 1:38   |      0.00   
 Matrix solve             |     0: 0: 9   |     0: 0: 2   |      0.00   
 S parameters             |     0: 0: 0   |     0: 0: 0   |      0.00   
 Adaptive sampling        |     0: 0: 0   |     0: 0: 0   |      0.00   

16. SIMULATION FREQUENCY = 2.95833 GHz 
-------------------------
 Green functions          |     0: 0: 0   |     0: 0: 1   |      0.00   
 Matrix load              |     0:11:35   |     0: 1:38   |      0.00   
 Matrix solve             |     0: 0:10   |     0: 0: 2   |      0.00   
 S parameters             |     0: 0: 0   |     0: 0: 0   |      0.00   
 Adaptive sampling        |     0: 0: 0   |     0: 0: 0   |      0.00   

17. SIMULATION FREQUENCY = 2.92361 GHz 
-------------------------
 Green functions          |     0: 0: 1   |     0: 0: 1   |      0.00   
 Matrix load              |     0:11:30   |     0: 1:37   |      0.00   
 Matrix solve             |     0: 0: 9   |     0: 0: 3   |      0.39   
 S parameters             |     0: 0: 0   |     0: 0: 0   |      0.00   
 Adaptive sampling        |     0: 0: 0   |     0: 0: 0   |      0.00   

18. SIMULATION FREQUENCY = 2.88889 GHz 
-------------------------
 Green functions          |     0: 0: 1   |     0: 0: 0   |      0.00   
 Matrix load              |     0:11:36   |     0: 1:39   |      0.00   
 Matrix solve             |     0: 0:10   |     0: 0: 3   |      0.21   
 S parameters             |     0: 0: 0   |     0: 0: 0   |      0.00   
 Adaptive sampling        |     0: 0: 0   |     0: 0: 0   |      0.00   

19. SIMULATION FREQUENCY = 2.625 GHz 
-------------------------
 Green functions          |     0: 0: 1   |     0: 0: 0   |      0.00   
 Matrix load              |     0:11:29   |     0: 1:38   |      0.00   
 Matrix solve             |     0: 0:10   |     0: 0: 2   |      0.99   
 S parameters             |     0: 0: 0   |     0: 0: 0   |      0.00   
 Adaptive sampling        |     0: 0: 0   |     0: 0: 0   |      0.00   

20. SIMULATION FREQUENCY = 2.47222 GHz 
-------------------------
 Green functions          |     0: 0: 1   |     0: 0: 1   |      0.00   
 Matrix load              |     0:11:33   |     0: 1:38   |      0.00   
 Matrix solve             |     0: 0: 9   |     0: 0: 2   |      0.33   
 S parameters             |     0: 0: 0   |     0: 0: 0   |      0.00   
 Adaptive sampling        |     0: 0: 1   |     0: 0: 0   |      0.00   

21. SIMULATION FREQUENCY = 2.44907 GHz 
-------------------------
 Green functions          |     0: 0: 0   |     0: 0: 0   |      0.00   
 Matrix load              |     0:11:35   |     0: 1:39   |      0.00   
 Matrix solve             |     0: 0: 9   |     0: 0: 3   |      0.00   
 S parameters             |     0: 0: 0   |     0: 0: 0   |      0.00   
 Adaptive sampling        |     0: 0: 0   |     0: 0: 0   |      0.00   

22. SIMULATION FREQUENCY = 2.42978 GHz 
-------------------------
 Green functions          |     0: 0: 1   |     0: 0: 0   |      0.00   
 Matrix load              |     0:11:32   |     0: 1:38   |      0.00   
 Matrix solve             |     0: 0: 9   |     0: 0: 2   |      0.00   
 S parameters             |     0: 0: 0   |     0: 0: 0   |      0.00   
 Adaptive sampling        |     0: 0: 1   |     0: 0: 1   |      0.00   

23. SIMULATION FREQUENCY = 2.0463 GHz 
-------------------------
 Green functions          |     0: 0: 0   |     0: 0: 0   |      0.00   
 Matrix load              |     0:11:32   |     0: 1:37   |      0.00   
 Matrix solve             |     0: 0: 9   |     0: 0: 3   |      0.00   
 S parameters             |     0: 0: 0   |     0: 0: 0   |      0.00   
 Adaptive sampling        |     0: 0: 0   |     0: 0: 0   |      0.00   

24. SIMULATION FREQUENCY = 2.38156 GHz 
-------------------------
 Green functions          |     0: 0: 1   |     0: 0: 0   |      0.00   
 Matrix load              |     0:11:33   |     0: 1:39   |      0.00   
 Matrix solve             |     0: 0: 9   |     0: 0: 2   |      0.00   
 S parameters             |     0: 0: 0   |     0: 0: 0   |      0.00   
 Adaptive sampling        |     0: 0: 1   |     0: 0: 0   |      0.00   

25. SIMULATION FREQUENCY = 2.31481 GHz 
-------------------------
 Green functions          |     0: 0: 0   |     0: 0: 0   |      0.00   
 Matrix load              |     0:11:33   |     0: 1:38   |      0.00   
 Matrix solve             |     0: 0:10   |     0: 0: 2   |      0.00   
 S parameters             |     0: 0: 0   |     0: 0: 0   |      0.00   
 Adaptive sampling        |     0: 0: 0   |     0: 0: 1   |      0.00   

26. SIMULATION FREQUENCY = 2.40567 GHz 
-------------------------
 Green functions          |     0: 0: 0   |     0: 0: 0   |      0.00   
 Matrix load              |     0:11:44   |     0: 1:41   |      0.00   
 Matrix solve             |     0: 0: 9   |     0: 0: 3   |      0.00   
 S parameters             |     0: 0: 0   |     0: 0: 0   |      0.00   
 Adaptive sampling        |     0: 0: 0   |     0: 0: 0   |      0.00   

27. SIMULATION FREQUENCY = 2.25309 GHz 
-------------------------
 Green functions          |     0: 0: 0   |     0: 0: 0   |      0.00   
 Matrix load              |     0:11:38   |     0: 1:41   |      0.00   
 Matrix solve             |     0: 0:11   |     0: 0: 2   |      0.00   
 S parameters             |     0: 0: 0   |     0: 0: 0   |      0.00   
 Adaptive sampling        |     0: 0: 0   |     0: 0: 0   |      0.00   

28. SIMULATION FREQUENCY = 2.73611 GHz 
-------------------------
 Green functions          |     0: 0: 0   |     0: 0: 1   |      0.00   
 Matrix load              |     0:11:40   |     0: 1:41   |      0.00   
 Matrix solve             |     0: 0:10   |     0: 0: 2   |      0.00   
 S parameters             |     0: 0: 0   |     0: 0: 0   |      0.00   
 Adaptive sampling        |     0: 0: 1   |     0: 0: 0   |      0.00   

29. SIMULATION FREQUENCY = 2.86111 GHz 
-------------------------
 Green functions          |     0: 0: 0   |     0: 0: 0   |      0.00   
 Matrix load              |     0:11:46   |     0: 1:44   |      0.00   
 Matrix solve             |     0: 0:12   |     0: 0: 3   |      0.00   
 S parameters             |     0: 0: 0   |     0: 0: 0   |      0.00   
 Adaptive sampling        |     0: 0: 0   |     0: 0: 0   |      0.00   

30. SIMULATION FREQUENCY = 2.63889 GHz 
-------------------------
 Green functions          |     0: 0: 0   |     0: 0: 1   |      0.00   
 Matrix load              |     0:11:51   |     0: 1:46   |      0.00   
 Matrix solve             |     0: 0:10   |     0: 0: 2   |      0.00   
 S parameters             |     0: 0: 0   |     0: 0: 0   |      0.00   
 Adaptive sampling        |     0: 0: 0   |     0: 0: 0   |      0.00   

31. SIMULATION FREQUENCY = 2.79398 GHz 
-------------------------
 Green functions          |     0: 0: 1   |     0: 0: 0   |      0.00   
 Matrix load              |     0:11:44   |     0: 1:43   |      0.00   
 Matrix solve             |     0: 0:10   |     0: 0: 2   |      0.00   
 S parameters             |     0: 0: 0   |     0: 0: 0   |      0.00   
 Adaptive sampling        |     0: 0: 0   |     0: 0: 1   |      0.00   

32. SIMULATION FREQUENCY = 2.70139 GHz 
-------------------------
 Green functions          |     0: 0: 1   |     0: 0: 0   |      0.00   
 Matrix load              |     0:11:49   |     0: 1:45   |      0.00   
 Matrix solve             |     0: 0:10   |     0: 0: 2   |      0.00   
 S parameters             |     0: 0: 0   |     0: 0: 0   |      0.00   
 Adaptive sampling        |     0: 0: 1   |     0: 0: 0   |      0.00   

33. SIMULATION FREQUENCY = 2.98611 GHz 
-------------------------
 Green functions          |     0: 0: 0   |     0: 0: 0   |      0.00   
 Matrix load              |     0:11:36   |     0: 1:40   |      0.00   
 Matrix solve             |     0: 0:10   |     0: 0: 3   |      0.00   
 S parameters             |     0: 0: 0   |     0: 0: 0   |      0.00   
 Adaptive sampling        |     0: 0: 0   |     0: 0: 0   |      0.00   

34. SIMULATION FREQUENCY = 2.9294 GHz 
-------------------------
 Green functions          |     0: 0: 1   |     0: 0: 0   |      0.00   
 Matrix load              |     0:11:39   |     0: 1:42   |      0.00   
 Matrix solve             |     0: 0:10   |     0: 0: 2   |      0.00   
 S parameters             |     0: 0: 0   |     0: 0: 1   |      0.00   
 Adaptive sampling        |     0: 0: 0   |     0: 0: 0   |      0.00   

35. SIMULATION FREQUENCY = 2.55556 GHz 
-------------------------
 Green functions          |     0: 0: 1   |     0: 0: 0   |      0.00   
 Matrix load              |     0:11:37   |     0: 1:39   |      0.00   
 Matrix solve             |     0: 0:10   |     0: 0: 3   |      0.00   
 S parameters             |     0: 0: 0   |     0: 0: 0   |      0.00   
 Adaptive sampling        |     0: 0: 0   |     0: 0: 0   |      0.00   

------------------------------------------------------------------------------
TOTALS
------------------------------------------------------------------------------
 Nr of Frequencies   : 35 

 Physical memory :   575.30 MB
 Virtual memory  :   620.16 MB
 Page faults     :      192861
 User Time       :    6h52m33s
 Elapsed Time    :    0h59m54s

==============================================================================

